curl: (52) Empty reply from server
curl: (52) Empty reply from server
curl: (52) Empty reply from server
curl: (52) Empty reply from server
curl: (52) Empty reply from server
M4 ADB evidence: serial=emulator-5554 first=/storage/emulated/0/Download/TorrentWebUi-M4-41818-1787124152767/destination-a second=/storage/emulated/0/Download/TorrentWebUi-M4-41818-1787124152767/destination-b move=/storage/emulated/0/Download/TorrentWebUi-M4-41818-1787124152767/destination-move conflict=/storage/emulated/0/Download/TorrentWebUi-M4-41818-1787124152767/destination-conflict partial=/storage/emulated/0/Download/TorrentWebUi-M4-41818-1787124152767/destination-partial addValid=/storage/emulated/0/Download/TorrentWebUi-M4-41818-1787124152767/destination-add-valid addConflict=/storage/emulated/0/Download/TorrentWebUi-M4-41818-1787124152767/destination-add-corrupt addUnrelated=/storage/emulated/0/Download/TorrentWebUi-M4-41818-1787124152767/destination-add-unrelated removable=/storage/3564-1100/TorrentWebUi-M4-41818/interrupted-target
M4 fixture tracker announce received.
M4 fixture peer connected.
M4 fixture handshake accepted for m4-completed-fixture.bin.
M4 fixture peer message id=20 extension=0 length=175.
M4 fixture peer message id=20 extension=1 length=27.
M4 fixture peer disconnected.
M4 fixture tracker announce received.
M4 fixture tracker announce received.
M4 fixture tracker announce received.
M4 fixture tracker announce received.
M4 fixture peer connected.
M4 fixture handshake accepted for m4-partial-verification-fixture.bin.
M4 fixture peer message id=20 extension=0 length=175.
M4 fixture peer message id=20 extension=1 length=27.
M4 fixture peer disconnected.
M4 fixture peer connected.
M4 fixture handshake accepted for m4-partial-verification-fixture.bin.
M4 fixture peer message id=20 extension=0 length=197.
M4 fixture peer message id=2 extension=- length=1.
M4 fixture peer message id=6 extension=0 length=13.
M4 fixture peer message id=6 extension=0 length=13.
M4 fixture peer message id=6 extension=0 length=13.
M4 fixture peer message id=6 extension=0 length=13.
M4 fixture peer message id=6 extension=0 length=13.
M4 fixture peer message id=6 extension=0 length=13.
M4 fixture peer message id=6 extension=0 length=13.
M4 fixture peer message id=6 extension=0 length=13.
M4 fixture peer message id=6 extension=0 length=13.
M4 fixture peer message id=6 extension=0 length=13.
M4 fixture peer message id=6 extension=0 length=13.
M4 fixture peer message id=6 extension=0 length=13.
M4 fixture peer message id=6 extension=0 length=13.
M4 fixture peer message id=6 extension=0 length=13.
M4 fixture peer message id=6 extension=0 length=13.
M4 fixture peer message id=6 extension=0 length=13.
M4 fixture peer message id=6 extension=0 length=13.
M4 fixture peer message id=6 extension=0 length=13.
M4 fixture peer disconnected.
M4 fixture tracker announce received.
M4 fixture tracker announce received.
M4 fixture tracker announce received.
M4 fixture tracker announce received.
M4 fixture peer connected.
M4 fixture handshake accepted for m4-reused-destination-fixture.bin.
M4 fixture peer message id=20 extension=0 length=175.
M4 fixture peer message id=20 extension=1 length=27.
M4 fixture peer disconnected.
M4 fixture tracker announce received.
M4 fixture peer connected.
M4 fixture peer disconnected.
M4 fixture tracker announce received.
M4 fixture tracker announce received.
M4 fixture tracker announce received.
M4 fixture peer connected.
M4 fixture handshake accepted for m4-reused-destination-fixture.bin.
M4 fixture peer message id=20 extension=0 length=175.
M4 fixture peer message id=20 extension=1 length=27.
M4 fixture peer message id=2 extension=- length=1.
M4 fixture peer message id=4 extension=0 length=5.
M4 fixture peer message id=4 extension=0 length=5.
M4 fixture peer message id=4 extension=0 length=5.
M4 fixture peer message id=4 extension=0 length=5.
M4 fixture peer disconnected.
M4 fixture tracker announce received.
M4 fixture peer connected.
M4 fixture handshake accepted for m4-add-unrelated-fixture.bin.
M4 fixture peer message id=20 extension=0 length=175.
M4 fixture peer message id=20 extension=1 length=27.
M4 fixture peer disconnected.
M4 fixture peer connected.
M4 fixture handshake accepted for m4-add-unrelated-fixture.bin.
M4 fixture peer message id=20 extension=0 length=196.
M4 fixture peer message id=2 extension=- length=1.
M4 fixture peer message id=6 extension=0 length=13.
M4 fixture peer message id=6 extension=0 length=13.
M4 fixture peer message id=6 extension=0 length=13.
M4 fixture peer message id=6 extension=0 length=13.
M4 fixture peer message id=6 extension=0 length=13.
M4 fixture peer message id=6 extension=0 length=13.
M4 fixture peer message id=6 extension=0 length=13.
M4 fixture peer message id=6 extension=0 length=13.
M4 fixture peer message id=6 extension=0 length=13.
M4 fixture peer message id=6 extension=0 length=13.
M4 fixture peer message id=6 extension=0 length=13.
M4 fixture peer message id=6 extension=0 length=13.
M4 fixture peer message id=6 extension=0 length=13.
M4 fixture peer message id=6 extension=0 length=13.
M4 fixture peer message id=6 extension=0 length=13.
M4 fixture peer message id=6 extension=0 length=13.
M4 fixture peer message id=6 extension=0 length=13.
M4 fixture peer message id=6 extension=0 length=13.
M4 fixture peer disconnected.
M4 fixture tracker announce received.
M4 fixture tracker announce received.
M4 fixture peer connected.
M4 fixture handshake accepted for m4-add-valid-fixture.bin.
M4 fixture peer message id=20 extension=0 length=175.
M4 fixture peer message id=20 extension=1 length=27.
M4 fixture peer disconnected.
M4 fixture tracker announce received.
M4 fixture peer connected.
M4 fixture tracker announce received.
M4 fixture handshake accepted for m4-add-valid-fixture.bin.
M4 fixture peer disconnected.
M4 fixture tracker announce received.
M4 fixture peer connected.
M4 fixture handshake accepted for m4-add-corrupt-fixture.bin.
M4 fixture peer message id=20 extension=0 length=175.
M4 fixture peer message id=20 extension=1 length=27.
M4 fixture peer disconnected.
M4 fixture tracker announce received.
M4 fixture peer connected.
M4 fixture peer disconnected.
M4 fixture tracker announce received.
M4 fixture tracker announce received.
M4 fixture tracker announce received.
M4 fixture tracker announce received.
M4 fixture peer connected.
M4 fixture handshake accepted for m4-completed-fixture.bin.
M4 fixture peer message id=20 extension=0 length=175.
M4 fixture peer message id=20 extension=1 length=27.
M4 fixture peer message id=2 extension=- length=1.
M4 fixture tracker announce received.
M4 fixture peer message id=4 extension=0 length=5.
M4 fixture peer message id=4 extension=0 length=5.
M4 fixture peer message id=4 extension=0 length=5.
M4 fixture peer message id=4 extension=0 length=5.
M4 fixture peer message id=4 extension=0 length=5.
M4 fixture peer message id=4 extension=0 length=5.
M4 fixture peer message id=4 extension=0 length=5.
M4 fixture peer message id=4 extension=0 length=5.
M4 fixture peer disconnected.
M4 fixture tracker announce received.
M4 fixture peer connected.
M4 fixture handshake accepted for m4-interrupted-fixture.bin.
M4 fixture peer message id=20 extension=0 length=175.
M4 fixture peer message id=20 extension=1 length=27.
M4 fixture peer disconnected.
M4 fixture tracker announce received.
M4 fixture tracker announce received.
M4 fixture tracker announce received.
M4 fixture tracker announce received.
M4 fixture tracker announce received.
M4 fixture tracker announce received.
M4 deterministic live flow passed: authenticated parseable WebSocket frames, owned fixtures, destination reuse/differences, visible permission denial/revocation, canonical paths, collision-safe valid/corrupt/unrelated adds, completed/partial/conflict/native-failure moves, unavailable storage, explicit interrupted retry/cancel, explicit resume, and recovery.
M4 fixture tracker announce received.
M4 fixture tracker announce received.
M4 fixture tracker announce received.
M4 fixture tracker announce received.
M4 fixture tracker announce received.
M4 host cleanup passed for com.andreiefimov.torrentwebui; daemon/server, owned fixtures, virtual storage, and ADB forwarding are absent.
